HTML /home/user/tmr-house-types/sources/plateau-mont-royal/PIIA_TYPOLOGIE_DUPLEX_0.PDF (try 1) — placeholder page, retrying
HTML /home/user/tmr-house-types/sources/plateau-mont-royal/PIIA_TYPOLOGIE_MAISONDEFAUBOURG_0.PDF (try 1) — placeholder page, retrying
HTML /home/user/tmr-house-types/sources/plateau-mont-royal/PIIA_FASCICULE_5.PDF (try 1) — placeholder page, retrying
HTML /home/user/tmr-house-types/sources/plateau-mont-royal/PIIA_FASCICULE_2.PDF (try 1) — placeholder page, retrying
HTML /home/user/tmr-house-types/sources/plateau-mont-royal/PIIA_TYPOLOGIE_MAISONURBAINE_0.PDF (try 1) — placeholder page, retrying
HTML /home/user/tmr-house-types/sources/plateau-mont-royal/PIIA_FASCICULE_6.PDF (try 1) — placeholder page, retrying
HTML /home/user/tmr-house-types/sources/plateau-mont-royal/PIIA_TYPOLOGIE_IMMEUBLEAPPARTEMENTS_0.PDF (try 1) — placeholder page, retrying
HTML /home/user/tmr-house-types/sources/plateau-mont-royal/PIIA_TYPOLOGIE_TRIPLEX_0.PDF (try 1) — placeholder page, retrying
HTML /home/user/tmr-house-types/sources/plateau-mont-royal/PIIA_FASCICULE_1.PDF (try 1) — placeholder page, retrying
HTML /home/user/tmr-house-types/sources/plateau-mont-royal/PIIA_TYPOLOGIE_INTRO.PDF (try 1) — placeholder page, retrying
HTML /home/user/tmr-house-types/sources/plateau-mont-royal/PIIA_TYPOLOGIE_MAISONFAUBOURG_0.PDF (try 1) — placeholder page, retrying
HTML /home/user/tmr-house-types/sources/plateau-mont-royal/PIIA_TYPOLOGIE_FAUBOURG_0.PDF (try 1) — placeholder page, retrying
OK   /home/user/tmr-house-types/sources/plateau-mont-royal/pmr_piia_etude_typomorphologique.pdf (try 1)
OK   /home/user/tmr-house-types/sources/plateau-mont-royal/11_evaluation_patrimoine_plateau.pdf (try 1)
curl: (22) The requested URL returned error: 404
ERR  /home/user/tmr-house-types/sources/plateau-mont-royal/PIIA_FASCICULE_3.PDF (try 1) — curl failed
curl: (22) The requested URL returned error: 404
ERR  /home/user/tmr-house-types/sources/plateau-mont-royal/PIIA_FASCICULE_4.PDF (try 1) — curl failed
HTML /home/user/tmr-house-types/sources/plateau-mont-royal/PIIA_TYPOLOGIE_TRIPLEX_0.PDF (try 2) — placeholder page, retrying
HTML /home/user/tmr-house-types/sources/plateau-mont-royal/PIIA_TYPOLOGIE_MAISONDEFAUBOURG_0.PDF (try 2) — placeholder page, retrying
HTML /home/user/tmr-house-types/sources/plateau-mont-royal/PIIA_FASCICULE_6.PDF (try 2) — placeholder page, retrying
HTML /home/user/tmr-house-types/sources/plateau-mont-royal/PIIA_TYPOLOGIE_MAISONFAUBOURG_0.PDF (try 2) — placeholder page, retrying
HTML /home/user/tmr-house-types/sources/plateau-mont-royal/PIIA_TYPOLOGIE_INTRO.PDF (try 2) — placeholder page, retrying
HTML /home/user/tmr-house-types/sources/plateau-mont-royal/PIIA_TYPOLOGIE_IMMEUBLEAPPARTEMENTS_0.PDF (try 2) — placeholder page, retrying
HTML /home/user/tmr-house-types/sources/plateau-mont-royal/PIIA_FASCICULE_1.PDF (try 2) — placeholder page, retrying
HTML /home/user/tmr-house-types/sources/plateau-mont-royal/PIIA_FASCICULE_2.PDF (try 2) — placeholder page, retrying
HTML /home/user/tmr-house-types/sources/plateau-mont-royal/PIIA_TYPOLOGIE_DUPLEX_0.PDF (try 2) — placeholder page, retrying
HTML /home/user/tmr-house-types/sources/plateau-mont-royal/PIIA_FASCICULE_5.PDF (try 2) — placeholder page, retrying
HTML /home/user/tmr-house-types/sources/plateau-mont-royal/PIIA_TYPOLOGIE_FAUBOURG_0.PDF (try 2) — placeholder page, retrying
curl: (22) The requested URL returned error: 404
ERR  /home/user/tmr-house-types/sources/plateau-mont-royal/PIIA_TYPOLOGIE_MAISONURBAINE_0.PDF (try 2) — curl failed
curl: (22) The requested URL returned error: 404
ERR  /home/user/tmr-house-types/sources/plateau-mont-royal/PIIA_FASCICULE_3.PDF (try 2) — curl failed
curl: (22) The requested URL returned error: 404
ERR  /home/user/tmr-house-types/sources/plateau-mont-royal/PIIA_FASCICULE_4.PDF (try 2) — curl failed
HTML /home/user/tmr-house-types/sources/plateau-mont-royal/PIIA_TYPOLOGIE_IMMEUBLEAPPARTEMENTS_0.PDF (try 3) — placeholder page, retrying
HTML /home/user/tmr-house-types/sources/plateau-mont-royal/PIIA_FASCICULE_1.PDF (try 3) — placeholder page, retrying
HTML /home/user/tmr-house-types/sources/plateau-mont-royal/PIIA_TYPOLOGIE_INTRO.PDF (try 3) — placeholder page, retrying
HTML /home/user/tmr-house-types/sources/plateau-mont-royal/PIIA_TYPOLOGIE_DUPLEX_0.PDF (try 3) — placeholder page, retrying
HTML /home/user/tmr-house-types/sources/plateau-mont-royal/PIIA_TYPOLOGIE_MAISONDEFAUBOURG_0.PDF (try 3) — placeholder page, retrying
HTML /home/user/tmr-house-types/sources/plateau-mont-royal/PIIA_TYPOLOGIE_TRIPLEX_0.PDF (try 3) — placeholder page, retrying
HTML /home/user/tmr-house-types/sources/plateau-mont-royal/PIIA_FASCICULE_2.PDF (try 3) — placeholder page, retrying
HTML /home/user/tmr-house-types/sources/plateau-mont-royal/PIIA_TYPOLOGIE_FAUBOURG_0.PDF (try 3) — placeholder page, retrying
HTML /home/user/tmr-house-types/sources/plateau-mont-royal/PIIA_FASCICULE_5.PDF (try 3) — placeholder page, retrying
HTML /home/user/tmr-house-types/sources/plateau-mont-royal/PIIA_FASCICULE_6.PDF (try 3) — placeholder page, retrying
curl: (22) The requested URL returned error: 404
ERR  /home/user/tmr-house-types/sources/plateau-mont-royal/PIIA_TYPOLOGIE_MAISONFAUBOURG_0.PDF (try 3) — curl failed
curl: (22) The requested URL returned error: 404
ERR  /home/user/tmr-house-types/sources/plateau-mont-royal/PIIA_TYPOLOGIE_MAISONURBAINE_0.PDF (try 3) — curl failed
curl: (22) The requested URL returned error: 404
ERR  /home/user/tmr-house-types/sources/plateau-mont-royal/PIIA_FASCICULE_4.PDF (try 3) — curl failed
curl: (22) The requested URL returned error: 404
ERR  /home/user/tmr-house-types/sources/plateau-mont-royal/PIIA_FASCICULE_3.PDF (try 3) — curl failed
HTML /home/user/tmr-house-types/sources/plateau-mont-royal/PIIA_TYPOLOGIE_MAISONDEFAUBOURG_0.PDF (try 4) — placeholder page, retrying
HTML /home/user/tmr-house-types/sources/plateau-mont-royal/PIIA_TYPOLOGIE_INTRO.PDF (try 4) — placeholder page, retrying
HTML /home/user/tmr-house-types/sources/plateau-mont-royal/PIIA_TYPOLOGIE_TRIPLEX_0.PDF (try 4) — placeholder page, retrying
HTML /home/user/tmr-house-types/sources/plateau-mont-royal/PIIA_FASCICULE_1.PDF (try 4) — placeholder page, retrying
HTML /home/user/tmr-house-types/sources/plateau-mont-royal/PIIA_TYPOLOGIE_IMMEUBLEAPPARTEMENTS_0.PDF (try 4) — placeholder page, retrying
HTML /home/user/tmr-house-types/sources/plateau-mont-royal/PIIA_TYPOLOGIE_DUPLEX_0.PDF (try 4) — placeholder page, retrying
HTML /home/user/tmr-house-types/sources/plateau-mont-royal/PIIA_FASCICULE_5.PDF (try 4) — placeholder page, retrying
HTML /home/user/tmr-house-types/sources/plateau-mont-royal/PIIA_FASCICULE_2.PDF (try 4) — placeholder page, retrying
HTML /home/user/tmr-house-types/sources/plateau-mont-royal/PIIA_TYPOLOGIE_FAUBOURG_0.PDF (try 4) — placeholder page, retrying
curl: (22) The requested URL returned error: 404
ERR  /home/user/tmr-house-types/sources/plateau-mont-royal/PIIA_FASCICULE_6.PDF (try 4) — curl failed
curl: (22) The requested URL returned error: 404
ERR  /home/user/tmr-house-types/sources/plateau-mont-royal/PIIA_TYPOLOGIE_MAISONFAUBOURG_0.PDF (try 4) — curl failed
curl: (22) The requested URL returned error: 404
ERR  /home/user/tmr-house-types/sources/plateau-mont-royal/PIIA_TYPOLOGIE_MAISONURBAINE_0.PDF (try 4) — curl failed
HTML /home/user/tmr-house-types/sources/plateau-mont-royal/PIIA_FASCICULE_3.PDF (try 4) — placeholder page, retrying
curl: (22) The requested URL returned error: 404
ERR  /home/user/tmr-house-types/sources/plateau-mont-royal/PIIA_FASCICULE_4.PDF (try 4) — curl failed
HTML /home/user/tmr-house-types/sources/plateau-mont-royal/PIIA_FASCICULE_1.PDF (try 5) — placeholder page, retrying
HTML /home/user/tmr-house-types/sources/plateau-mont-royal/PIIA_TYPOLOGIE_FAUBOURG_0.PDF (try 5) — placeholder page, retrying
HTML /home/user/tmr-house-types/sources/plateau-mont-royal/PIIA_TYPOLOGIE_MAISONDEFAUBOURG_0.PDF (try 5) — placeholder page, retrying
HTML /home/user/tmr-house-types/sources/plateau-mont-royal/PIIA_TYPOLOGIE_TRIPLEX_0.PDF (try 5) — placeholder page, retrying
HTML /home/user/tmr-house-types/sources/plateau-mont-royal/PIIA_FASCICULE_5.PDF (try 5) — placeholder page, retrying
HTML /home/user/tmr-house-types/sources/plateau-mont-royal/PIIA_TYPOLOGIE_INTRO.PDF (try 5) — placeholder page, retrying
HTML /home/user/tmr-house-types/sources/plateau-mont-royal/PIIA_TYPOLOGIE_DUPLEX_0.PDF (try 5) — placeholder page, retrying
HTML /home/user/tmr-house-types/sources/plateau-mont-royal/PIIA_FASCICULE_2.PDF (try 5) — placeholder page, retrying
curl: (22) The requested URL returned error: 404
ERR  /home/user/tmr-house-types/sources/plateau-mont-royal/PIIA_TYPOLOGIE_IMMEUBLEAPPARTEMENTS_0.PDF (try 5) — curl failed
curl: (22) The requested URL returned error: 404
ERR  /home/user/tmr-house-types/sources/plateau-mont-royal/PIIA_FASCICULE_6.PDF (try 5) — curl failed
curl: (22) The requested URL returned error: 404
ERR  /home/user/tmr-house-types/sources/plateau-mont-royal/PIIA_TYPOLOGIE_MAISONFAUBOURG_0.PDF (try 5) — curl failed
curl: (22) The requested URL returned error: 404
ERR  /home/user/tmr-house-types/sources/plateau-mont-royal/PIIA_TYPOLOGIE_MAISONURBAINE_0.PDF (try 5) — curl failed
HTML /home/user/tmr-house-types/sources/plateau-mont-royal/PIIA_FASCICULE_4.PDF (try 5) — placeholder page, retrying
curl: (22) The requested URL returned error: 404
ERR  /home/user/tmr-house-types/sources/plateau-mont-royal/PIIA_FASCICULE_3.PDF (try 5) — curl failed
HTML /home/user/tmr-house-types/sources/plateau-mont-royal/PIIA_FASCICULE_2.PDF (try 6) — placeholder page, retrying
HTML /home/user/tmr-house-types/sources/plateau-mont-royal/PIIA_TYPOLOGIE_FAUBOURG_0.PDF (try 6) — placeholder page, retrying
HTML /home/user/tmr-house-types/sources/plateau-mont-royal/PIIA_TYPOLOGIE_DUPLEX_0.PDF (try 6) — placeholder page, retrying
HTML /home/user/tmr-house-types/sources/plateau-mont-royal/PIIA_TYPOLOGIE_INTRO.PDF (try 6) — placeholder page, retrying
HTML /home/user/tmr-house-types/sources/plateau-mont-royal/PIIA_FASCICULE_5.PDF (try 6) — placeholder page, retrying
HTML /home/user/tmr-house-types/sources/plateau-mont-royal/PIIA_TYPOLOGIE_MAISONDEFAUBOURG_0.PDF (try 6) — placeholder page, retrying
HTML /home/user/tmr-house-types/sources/plateau-mont-royal/PIIA_FASCICULE_1.PDF (try 6) — placeholder page, retrying
curl: (22) The requested URL returned error: 404
ERR  /home/user/tmr-house-types/sources/plateau-mont-royal/PIIA_TYPOLOGIE_TRIPLEX_0.PDF (try 6) — curl failed
curl: (22) The requested URL returned error: 404
ERR  /home/user/tmr-house-types/sources/plateau-mont-royal/PIIA_TYPOLOGIE_IMMEUBLEAPPARTEMENTS_0.PDF (try 6) — curl failed
curl: (22) The requested URL returned error: 404
ERR  /home/user/tmr-house-types/sources/plateau-mont-royal/PIIA_FASCICULE_6.PDF (try 6) — curl failed
HTML /home/user/tmr-house-types/sources/plateau-mont-royal/PIIA_FASCICULE_4.PDF (try 6) — placeholder page, retrying
curl: (22) The requested URL returned error: 404
ERR  /home/user/tmr-house-types/sources/plateau-mont-royal/PIIA_TYPOLOGIE_MAISONFAUBOURG_0.PDF (try 6) — curl failed
curl: (22) The requested URL returned error: 404
ERR  /home/user/tmr-house-types/sources/plateau-mont-royal/PIIA_TYPOLOGIE_MAISONURBAINE_0.PDF (try 6) — curl failed
curl: (22) The requested URL returned error: 404
ERR  /home/user/tmr-house-types/sources/plateau-mont-royal/PIIA_FASCICULE_3.PDF (try 6) — curl failed
FAIL /home/user/tmr-house-types/sources/plateau-mont-royal/PIIA_FASCICULE_2.PDF after 6 tries
FAIL /home/user/tmr-house-types/sources/plateau-mont-royal/PIIA_TYPOLOGIE_FAUBOURG_0.PDF after 6 tries
FAIL /home/user/tmr-house-types/sources/plateau-mont-royal/PIIA_TYPOLOGIE_DUPLEX_0.PDF after 6 tries
FAIL /home/user/tmr-house-types/sources/plateau-mont-royal/PIIA_TYPOLOGIE_INTRO.PDF after 6 tries
FAIL /home/user/tmr-house-types/sources/plateau-mont-royal/PIIA_FASCICULE_5.PDF after 6 tries
FAIL /home/user/tmr-house-types/sources/plateau-mont-royal/PIIA_TYPOLOGIE_MAISONDEFAUBOURG_0.PDF after 6 tries
FAIL /home/user/tmr-house-types/sources/plateau-mont-royal/PIIA_FASCICULE_1.PDF after 6 tries
FAIL /home/user/tmr-house-types/sources/plateau-mont-royal/PIIA_TYPOLOGIE_TRIPLEX_0.PDF after 6 tries
FAIL /home/user/tmr-house-types/sources/plateau-mont-royal/PIIA_TYPOLOGIE_IMMEUBLEAPPARTEMENTS_0.PDF after 6 tries
FAIL /home/user/tmr-house-types/sources/plateau-mont-royal/PIIA_FASCICULE_6.PDF after 6 tries
FAIL /home/user/tmr-house-types/sources/plateau-mont-royal/PIIA_FASCICULE_4.PDF after 6 tries
FAIL /home/user/tmr-house-types/sources/plateau-mont-royal/PIIA_TYPOLOGIE_MAISONFAUBOURG_0.PDF after 6 tries
FAIL /home/user/tmr-house-types/sources/plateau-mont-royal/PIIA_TYPOLOGIE_MAISONURBAINE_0.PDF after 6 tries
FAIL /home/user/tmr-house-types/sources/plateau-mont-royal/PIIA_FASCICULE_3.PDF after 6 tries
== done ==
total 14224
drwxr-xr-x 2 root root    4096 Aug 16 17:36 .
drwxr-xr-x 3 root root    4096 Aug 16 17:34 ..
-rw-r--r-- 1 root root 9125008 Aug 16 17:34 11_evaluation_patrimoine_plateau.pdf
-rw-r--r-- 1 root root   13012 Aug 16 17:36 fetch.log
-rw-r--r-- 1 root root 5412699 Aug 16 17:34 pmr_piia_etude_typomorphologique.pdf
